// Jest Snapshot v1, https://goo.gl/fbAQLP

exports[`does ingest if schema updates 1`] = `
Array [
  Object {
    "config": Object {
      "schema": Object {
        "fields": Array [
          Object {
            "name": "event_id",
            "type": "STRING",
          },
        ],
      },
      "timePartitioning": Object {
        "expirationMS": "7776000000",
        "field": "timestamp",
        "type": "DAY",
      },
    },
    "name": "embark_track",
    "rows": Array [
      Object {
        "event_id": "mock_id",
      },
      Object {
        "event_id": "mock_id",
        "property_store_0": "HELLO",
        "property_store_0_array": Array [
          "string",
          "string2",
        ],
        "property_store_0_bool": true,
        "property_store_0_double": 150,
      },
      Object {
        "event_id": "mock_id",
      },
      Object {
        "event_id": "mock_id",
        "property_store_1000": "HELLO",
        "property_store_1000_array": Array [
          "string",
          "string2",
        ],
        "property_store_1000_bool": true,
        "property_store_1000_double": 150,
      },
      Object {
        "event_id": "mock_id",
      },
      Object {
        "event_id": "mock_id",
        "property_store_2000": "HELLO",
        "property_store_2000_array": Array [
          "string",
          "string2",
        ],
        "property_store_2000_bool": true,
        "property_store_2000_double": 150,
      },
      Object {
        "event_id": "mock_id",
      },
      Object {
        "event_id": "mock_id",
        "property_store_3000": "HELLO",
        "property_store_3000_array": Array [
          "string",
          "string2",
        ],
        "property_store_3000_bool": true,
        "property_store_3000_double": 150,
      },
      Object {
        "event_id": "mock_id",
      },
      Object {
        "event_id": "mock_id",
        "property_store_4000": "HELLO",
        "property_store_4000_array": Array [
          "string",
          "string2",
        ],
        "property_store_4000_bool": true,
        "property_store_4000_double": 150,
      },
      Object {
        "event_id": "mock_id",
      },
      Object {
        "event_id": "mock_id",
        "property_store_5000": "HELLO",
        "property_store_5000_array": Array [
          "string",
          "string2",
        ],
        "property_store_5000_bool": true,
        "property_store_5000_double": 150,
      },
      Object {
        "event_id": "mock_id",
      },
      Object {
        "event_id": "mock_id",
        "property_store_6000": "HELLO",
        "property_store_6000_array": Array [
          "string",
          "string2",
        ],
        "property_store_6000_bool": true,
        "property_store_6000_double": 150,
      },
      Object {
        "event_id": "mock_id",
      },
      Object {
        "event_id": "mock_id",
        "property_store_7000": "HELLO",
        "property_store_7000_array": Array [
          "string",
          "string2",
        ],
        "property_store_7000_bool": true,
        "property_store_7000_double": 150,
      },
      Object {
        "event_id": "mock_id",
      },
      Object {
        "event_id": "mock_id",
        "property_store_8000": "HELLO",
        "property_store_8000_array": Array [
          "string",
          "string2",
        ],
        "property_store_8000_bool": true,
        "property_store_8000_double": 150,
      },
      Object {
        "event_id": "mock_id",
      },
      Object {
        "event_id": "mock_id",
        "property_store_9000": "HELLO",
        "property_store_9000_array": Array [
          "string",
          "string2",
        ],
        "property_store_9000_bool": true,
        "property_store_9000_double": 150,
      },
      Object {
        "event_id": "mock_id",
      },
      Object {
        "event_id": "mock_id",
        "property_store_10000": "HELLO",
        "property_store_10000_array": Array [
          "string",
          "string2",
        ],
        "property_store_10000_bool": true,
        "property_store_10000_double": 150,
      },
      Object {
        "event_id": "mock_id",
      },
      Object {
        "event_id": "mock_id",
        "property_store_11000": "HELLO",
        "property_store_11000_array": Array [
          "string",
          "string2",
        ],
        "property_store_11000_bool": true,
        "property_store_11000_double": 150,
      },
      Object {
        "event_id": "mock_id",
      },
      Object {
        "event_id": "mock_id",
        "property_store_12000": "HELLO",
        "property_store_12000_array": Array [
          "string",
          "string2",
        ],
        "property_store_12000_bool": true,
        "property_store_12000_double": 150,
      },
      Object {
        "event_id": "mock_id",
      },
      Object {
        "event_id": "mock_id",
        "property_store_13000": "HELLO",
        "property_store_13000_array": Array [
          "string",
          "string2",
        ],
        "property_store_13000_bool": true,
        "property_store_13000_double": 150,
      },
      Object {
        "event_id": "mock_id",
      },
      Object {
        "event_id": "mock_id",
        "property_store_14000": "HELLO",
        "property_store_14000_array": Array [
          "string",
          "string2",
        ],
        "property_store_14000_bool": true,
        "property_store_14000_double": 150,
      },
      Object {
        "event_id": "mock_id",
      },
      Object {
        "event_id": "mock_id",
        "property_store_15000": "HELLO",
        "property_store_15000_array": Array [
          "string",
          "string2",
        ],
        "property_store_15000_bool": true,
        "property_store_15000_double": 150,
      },
      Object {
        "event_id": "mock_id",
      },
      Object {
        "event_id": "mock_id",
        "property_store_16000": "HELLO",
        "property_store_16000_array": Array [
          "string",
          "string2",
        ],
        "property_store_16000_bool": true,
        "property_store_16000_double": 150,
      },
      Object {
        "event_id": "mock_id",
      },
      Object {
        "event_id": "mock_id",
        "property_store_17000": "HELLO",
        "property_store_17000_array": Array [
          "string",
          "string2",
        ],
        "property_store_17000_bool": true,
        "property_store_17000_double": 150,
      },
      Object {
        "event_id": "mock_id",
      },
      Object {
        "event_id": "mock_id",
        "property_store_18000": "HELLO",
        "property_store_18000_array": Array [
          "string",
          "string2",
        ],
        "property_store_18000_bool": true,
        "property_store_18000_double": 150,
      },
      Object {
        "event_id": "mock_id",
      },
      Object {
        "event_id": "mock_id",
        "property_store_19000": "HELLO",
        "property_store_19000_array": Array [
          "string",
          "string2",
        ],
        "property_store_19000_bool": true,
        "property_store_19000_double": 150,
      },
      Object {
        "event_id": "mock_id",
      },
      Object {
        "event_id": "mock_id",
        "property_store_20000": "HELLO",
        "property_store_20000_array": Array [
          "string",
          "string2",
        ],
        "property_store_20000_bool": true,
        "property_store_20000_double": 150,
      },
      Object {
        "event_id": "mock_id",
      },
      Object {
        "event_id": "mock_id",
        "property_store_21000": "HELLO",
        "property_store_21000_array": Array [
          "string",
          "string2",
        ],
        "property_store_21000_bool": true,
        "property_store_21000_double": 150,
      },
      Object {
        "event_id": "mock_id",
      },
      Object {
        "event_id": "mock_id",
        "property_store_22000": "HELLO",
        "property_store_22000_array": Array [
          "string",
          "string2",
        ],
        "property_store_22000_bool": true,
        "property_store_22000_double": 150,
      },
      Object {
        "event_id": "mock_id",
      },
      Object {
        "event_id": "mock_id",
        "property_store_23000": "HELLO",
        "property_store_23000_array": Array [
          "string",
          "string2",
        ],
        "property_store_23000_bool": true,
        "property_store_23000_double": 150,
      },
      Object {
        "event_id": "mock_id",
      },
      Object {
        "event_id": "mock_id",
        "property_store_24000": "HELLO",
        "property_store_24000_array": Array [
          "string",
          "string2",
        ],
        "property_store_24000_bool": true,
        "property_store_24000_double": 150,
      },
      Object {
        "event_id": "mock_id",
      },
      Object {
        "event_id": "mock_id",
        "property_store_25000": "HELLO",
        "property_store_25000_array": Array [
          "string",
          "string2",
        ],
        "property_store_25000_bool": true,
        "property_store_25000_double": 150,
      },
      Object {
        "event_id": "mock_id",
      },
      Object {
        "event_id": "mock_id",
        "property_store_26000": "HELLO",
        "property_store_26000_array": Array [
          "string",
          "string2",
        ],
        "property_store_26000_bool": true,
        "property_store_26000_double": 150,
      },
      Object {
        "event_id": "mock_id",
      },
      Object {
        "event_id": "mock_id",
        "property_store_27000": "HELLO",
        "property_store_27000_array": Array [
          "string",
          "string2",
        ],
        "property_store_27000_bool": true,
        "property_store_27000_double": 150,
      },
      Object {
        "event_id": "mock_id",
      },
      Object {
        "event_id": "mock_id",
        "property_store_28000": "HELLO",
        "property_store_28000_array": Array [
          "string",
          "string2",
        ],
        "property_store_28000_bool": true,
        "property_store_28000_double": 150,
      },
      Object {
        "event_id": "mock_id",
      },
      Object {
        "event_id": "mock_id",
        "property_store_29000": "HELLO",
        "property_store_29000_array": Array [
          "string",
          "string2",
        ],
        "property_store_29000_bool": true,
        "property_store_29000_double": 150,
      },
    ],
  },
]
`;

exports[`does keep invalid rows 1`] = `Array []`;

exports[`ingests correctly 1`] = `Array []`;

exports[`ingests correctly 2`] = `
Array [
  Object {
    "config": Object {
      "schema": Object {
        "fields": Array [
          Object {
            "name": "property",
            "type": "STRING",
          },
        ],
      },
      "timePartitioning": Object {
        "expirationMS": "7776000000",
        "field": "timestamp",
        "type": "DAY",
      },
    },
    "name": "mock_table",
    "rows": Array [
      Object {
        "property": "HELLO",
      },
    ],
  },
]
`;
