// Jest Snapshot v1, https://goo.gl/fbAQLP

exports[`periodicIngestor ingests correctly 1`] = `Array []`;

exports[`periodicIngestor ingests correctly 2`] = `
Array [
  Object {
    "config": Object {
      "description": "",
      "schema": Object {
        "fields": Array [
          Object {
            "description": "",
            "mode": "REQUIRED",
            "name": "property_hello",
            "type": "STRING",
          },
        ],
      },
      "timePartitioning": Object {
        "expirationMS": "7776000000",
        "field": "timestamp",
        "type": "DAY",
      },
    },
    "name": "mock_event",
    "rows": Array [
      Object {
        "property_hello": "HELLO",
      },
    ],
  },
]
`;
